Archive member included to satisfy reference by file (symbol)

c:/st/stm32cubeide_1.5.0/stm32cubeide/plugins/com.st.stm32cube.ide.mcu.externaltools.gnu-tools-for-stm32.7-2018-q2-update.win32_1.5.0.202011040924/tools/bin/../lib/gcc/arm-none-eabi/7.3.1/../../../../arm-none-eabi/lib/thumb/v7e-m/fpv4-sp/hard\libc_nano.a(lib_a-errno.o)
                              Core/Src/syscalls.o (__errno)
c:/st/stm32cubeide_1.5.0/stm32cubeide/plugins/com.st.stm32cube.ide.mcu.externaltools.gnu-tools-for-stm32.7-2018-q2-update.win32_1.5.0.202011040924/tools/bin/../lib/gcc/arm-none-eabi/7.3.1/../../../../arm-none-eabi/lib/thumb/v7e-m/fpv4-sp/hard\libc_nano.a(lib_a-exit.o)
                              c:/st/stm32cubeide_1.5.0/stm32cubeide/plugins/com.st.stm32cube.ide.mcu.externaltools.gnu-tools-for-stm32.7-2018-q2-update.win32_1.5.0.202011040924/tools/bin/../lib/gcc/arm-none-eabi/7.3.1/../../../../arm-none-eabi/lib/thumb/v7e-m/fpv4-sp/hard/crt0.o (exit)
c:/st/stm32cubeide_1.5.0/stm32cubeide/plugins/com.st.stm32cube.ide.mcu.externaltools.gnu-tools-for-stm32.7-2018-q2-update.win32_1.5.0.202011040924/tools/bin/../lib/gcc/arm-none-eabi/7.3.1/../../../../arm-none-eabi/lib/thumb/v7e-m/fpv4-sp/hard\libc_nano.a(lib_a-impure.o)
                              c:/st/stm32cubeide_1.5.0/stm32cubeide/plugins/com.st.stm32cube.ide.mcu.externaltools.gnu-tools-for-stm32.7-2018-q2-update.win32_1.5.0.202011040924/tools/bin/../lib/gcc/arm-none-eabi/7.3.1/../../../../arm-none-eabi/lib/thumb/v7e-m/fpv4-sp/hard\libc_nano.a(lib_a-exit.o) (_global_impure_ptr)
c:/st/stm32cubeide_1.5.0/stm32cubeide/plugins/com.st.stm32cube.ide.mcu.externaltools.gnu-tools-for-stm32.7-2018-q2-update.win32_1.5.0.202011040924/tools/bin/../lib/gcc/arm-none-eabi/7.3.1/../../../../arm-none-eabi/lib/thumb/v7e-m/fpv4-sp/hard\libc_nano.a(lib_a-init.o)
                              c:/st/stm32cubeide_1.5.0/stm32cubeide/plugins/com.st.stm32cube.ide.mcu.externaltools.gnu-tools-for-stm32.7-2018-q2-update.win32_1.5.0.202011040924/tools/bin/../lib/gcc/arm-none-eabi/7.3.1/../../../../arm-none-eabi/lib/thumb/v7e-m/fpv4-sp/hard/crt0.o (__libc_init_array)
c:/st/stm32cubeide_1.5.0/stm32cubeide/plugins/com.st.stm32cube.ide.mcu.externaltools.gnu-tools-for-stm32.7-2018-q2-update.win32_1.5.0.202011040924/tools/bin/../lib/gcc/arm-none-eabi/7.3.1/../../../../arm-none-eabi/lib/thumb/v7e-m/fpv4-sp/hard\libc_nano.a(lib_a-memset.o)
                              c:/st/stm32cubeide_1.5.0/stm32cubeide/plugins/com.st.stm32cube.ide.mcu.externaltools.gnu-tools-for-stm32.7-2018-q2-update.win32_1.5.0.202011040924/tools/bin/../lib/gcc/arm-none-eabi/7.3.1/../../../../arm-none-eabi/lib/thumb/v7e-m/fpv4-sp/hard/crt0.o (memset)
c:/st/stm32cubeide_1.5.0/stm32cubeide/plugins/com.st.stm32cube.ide.mcu.externaltools.gnu-tools-for-stm32.7-2018-q2-update.win32_1.5.0.202011040924/tools/bin/../lib/gcc/arm-none-eabi/7.3.1/thumb/v7e-m/fpv4-sp/hard\libgcc.a(_aeabi_uldivmod.o)
                              Drivers/STM32F4xx_HAL_Driver/Src/stm32f4xx_hal_rcc.o (__aeabi_uldivmod)
c:/st/stm32cubeide_1.5.0/stm32cubeide/plugins/com.st.stm32cube.ide.mcu.externaltools.gnu-tools-for-stm32.7-2018-q2-update.win32_1.5.0.202011040924/tools/bin/../lib/gcc/arm-none-eabi/7.3.1/thumb/v7e-m/fpv4-sp/hard\libgcc.a(_udivmoddi4.o)
                              c:/st/stm32cubeide_1.5.0/stm32cubeide/plugins/com.st.stm32cube.ide.mcu.externaltools.gnu-tools-for-stm32.7-2018-q2-update.win32_1.5.0.202011040924/tools/bin/../lib/gcc/arm-none-eabi/7.3.1/thumb/v7e-m/fpv4-sp/hard\libgcc.a(_aeabi_uldivmod.o) (__udivmoddi4)
c:/st/stm32cubeide_1.5.0/stm32cubeide/plugins/com.st.stm32cube.ide.mcu.externaltools.gnu-tools-for-stm32.7-2018-q2-update.win32_1.5.0.202011040924/tools/bin/../lib/gcc/arm-none-eabi/7.3.1/thumb/v7e-m/fpv4-sp/hard\libgcc.a(_dvmd_tls.o)
                              c:/st/stm32cubeide_1.5.0/stm32cubeide/plugins/com.st.stm32cube.ide.mcu.externaltools.gnu-tools-for-stm32.7-2018-q2-update.win32_1.5.0.202011040924/tools/bin/../lib/gcc/arm-none-eabi/7.3.1/thumb/v7e-m/fpv4-sp/hard\libgcc.a(_aeabi_uldivmod.o) (__aeabi_ldiv0)

Allocating common symbols
Common symbol       size              file

l_s_lis3dsh_init    0x7               Core/Src/main.o
l_s_gpio_config     0x8               Core/Src/LIS3DSH.o
uwTick              0x4               Drivers/STM32F4xx_HAL_Driver/Src/stm32f4xx_hal.o
pFlash              0x20              Drivers/STM32F4xx_HAL_Driver/Src/stm32f4xx_hal_flash.o
l_e_error           0x1               Core/Src/main.o
hspi1               0x58              Core/Src/main.o

Discarded input sections

 .text          0x0000000000000000        0x0 c:/st/stm32cubeide_1.5.0/stm32cubeide/plugins/com.st.stm32cube.ide.mcu.externaltools.gnu-tools-for-stm32.7-2018-q2-update.win32_1.5.0.202011040924/tools/bin/../lib/gcc/arm-none-eabi/7.3.1/thumb/v7e-m/fpv4-sp/hard/crti.o
[...]
Memory Configuration

Name             Origin             Length             Attributes
CCMRAM           0x0000000010000000 0x0000000000010000 xrw
RAM              0x0000000020000000 0x0000000000020000 xrw
FLASH            0x0000000008000000 0x0000000000100000 xr
*default*        0x0000000000000000 0xffffffffffffffff

Linker script and memory map

LOAD c:/st/stm32cubeide_1.5.0/stm32cubeide/plugins/com.st.stm32cube.ide.mcu.externaltools.gnu-tools-for-stm32.7-2018-q2-update.win32_1.5.0.202011040924/tools/bin/../lib/gcc/arm-none-eabi/7.3.1/thumb/v7e-m/fpv4-sp/hard/crti.o
LOAD c:/st/stm32cubeide_1.5.0/stm32cubeide/plugins/com.st.stm32cube.ide.mcu.externaltools.gnu-tools-for-stm32.7-2018-q2-update.win32_1.5.0.202011040924/tools/bin/../lib/gcc/arm-none-eabi/7.3.1/thumb/v7e-m/fpv4-sp/hard/crtbegin.o
LOAD c:/st/stm32cubeide_1.5.0/stm32cubeide/plugins/com.st.stm32cube.ide.mcu.externaltools.gnu-tools-for-stm32.7-2018-q2-update.win32_1.5.0.202011040924/tools/bin/../lib/gcc/arm-none-eabi/7.3.1/../../../../arm-none-eabi/lib/thumb/v7e-m/fpv4-sp/hard/crt0.o
LOAD Core/Src/LIS3DSH.o
LOAD Core/Src/main.o
LOAD Core/Src/stm32f4xx_hal_msp.o
LOAD Core/Src/stm32f4xx_it.o
LOAD Core/Src/syscalls.o
LOAD Core/Src/sysmem.o
LOAD Core/Src/system_stm32f4xx.o
LOAD Core/Startup/startup_stm32f407vgtx.o
LOAD Drivers/STM32F4xx_HAL_Driver/Src/stm32f4xx_hal.o
LOAD Drivers/STM32F4xx_HAL_Driver/Src/stm32f4xx_hal_cortex.o
LOAD Drivers/STM32F4xx_HAL_Driver/Src/stm32f4xx_hal_dma.o
LOAD Drivers/STM32F4xx_HAL_Driver/Src/stm32f4xx_hal_dma_ex.o
LOAD Drivers/STM32F4xx_HAL_Driver/Src/stm32f4xx_hal_exti.o
LOAD Drivers/STM32F4xx_HAL_Driver/Src/stm32f4xx_hal_flash.o
LOAD Drivers/STM32F4xx_HAL_Driver/Src/stm32f4xx_hal_flash_ex.o
LOAD Drivers/STM32F4xx_HAL_Driver/Src/stm32f4xx_hal_flash_ramfunc.o
LOAD Drivers/STM32F4xx_HAL_Driver/Src/stm32f4xx_hal_gpio.o
LOAD Drivers/STM32F4xx_HAL_Driver/Src/stm32f4xx_hal_pwr.o
LOAD Drivers/STM32F4xx_HAL_Driver/Src/stm32f4xx_hal_pwr_ex.o
LOAD Drivers/STM32F4xx_HAL_Driver/Src/stm32f4xx_hal_rcc.o
LOAD Drivers/STM32F4xx_HAL_Driver/Src/stm32f4xx_hal_rcc_ex.o
LOAD Drivers/STM32F4xx_HAL_Driver/Src/stm32f4xx_hal_spi.o
LOAD Drivers/STM32F4xx_HAL_Driver/Src/stm32f4xx_hal_tim.o
LOAD Drivers/STM32F4xx_HAL_Driver/Src/stm32f4xx_hal_tim_ex.o
START GROUP
LOAD c:/st/stm32cubeide_1.5.0/stm32cubeide/plugins/com.st.stm32cube.ide.mcu.externaltools.gnu-tools-for-stm32.7-2018-q2-update.win32_1.5.0.202011040924/tools/bin/../lib/gcc/arm-none-eabi/7.3.1/../../../../arm-none-eabi/lib/thumb/v7e-m/fpv4-sp/hard\libc_nano.a
LOAD c:/st/stm32cubeide_1.5.0/stm32cubeide/plugins/com.st.stm32cube.ide.mcu.externaltools.gnu-tools-for-stm32.7-2018-q2-update.win32_1.5.0.202011040924/tools/bin/../lib/gcc/arm-none-eabi/7.3.1/../../../../arm-none-eabi/lib/thumb/v7e-m/fpv4-sp/hard\libm.a
END GROUP
START GROUP
LOAD c:/st/stm32cubeide_1.5.0/stm32cubeide/plugins/com.st.stm32cube.ide.mcu.externaltools.gnu-tools-for-stm32.7-2018-q2-update.win32_1.5.0.202011040924/tools/bin/../lib/gcc/arm-none-eabi/7.3.1/thumb/v7e-m/fpv4-sp/hard\libgcc.a
LOAD c:/st/stm32cubeide_1.5.0/stm32cubeide/plugins/com.st.stm32cube.ide.mcu.externaltools.gnu-tools-for-stm32.7-2018-q2-update.win32_1.5.0.202011040924/tools/bin/../lib/gcc/arm-none-eabi/7.3.1/../../../../arm-none-eabi/lib/thumb/v7e-m/fpv4-sp/hard\libc_nano.a
END GROUP
START GROUP
LOAD c:/st/stm32cubeide_1.5.0/stm32cubeide/plugins/com.st.stm32cube.ide.mcu.externaltools.gnu-tools-for-stm32.7-2018-q2-update.win32_1.5.0.202011040924/tools/bin/../lib/gcc/arm-none-eabi/7.3.1/thumb/v7e-m/fpv4-sp/hard\libgcc.a
LOAD c:/st/stm32cubeide_1.5.0/stm32cubeide/plugins/com.st.stm32cube.ide.mcu.externaltools.gnu-tools-for-stm32.7-2018-q2-update.win32_1.5.0.202011040924/tools/bin/../lib/gcc/arm-none-eabi/7.3.1/../../../../arm-none-eabi/lib/thumb/v7e-m/fpv4-sp/hard\libc_nano.a
LOAD c:/st/stm32cubeide_1.5.0/stm32cubeide/plugins/com.st.stm32cube.ide.mcu.externaltools.gnu-tools-for-stm32.7-2018-q2-update.win32_1.5.0.202011040924/tools/bin/../lib/gcc/arm-none-eabi/7.3.1/../../../../arm-none-eabi/lib/thumb/v7e-m/fpv4-sp/hard\libnosys.a
END GROUP
START GROUP
LOAD c:/st/stm32cubeide_1.5.0/stm32cubeide/plugins/com.st.stm32cube.ide.mcu.externaltools.gnu-tools-for-stm32.7-2018-q2-update.win32_1.5.0.202011040924/tools/bin/../lib/gcc/arm-none-eabi/7.3.1/thumb/v7e-m/fpv4-sp/hard\libgcc.a
LOAD c:/st/stm32cubeide_1.5.0/stm32cubeide/plugins/com.st.stm32cube.ide.mcu.externaltools.gnu-tools-for-stm32.7-2018-q2-update.win32_1.5.0.202011040924/tools/bin/../lib/gcc/arm-none-eabi/7.3.1/../../../../arm-none-eabi/lib/thumb/v7e-m/fpv4-sp/hard\libc_nano.a
LOAD c:/st/stm32cubeide_1.5.0/stm32cubeide/plugins/com.st.stm32cube.ide.mcu.externaltools.gnu-tools-for-stm32.7-2018-q2-update.win32_1.5.0.202011040924/tools/bin/../lib/gcc/arm-none-eabi/7.3.1/../../../../arm-none-eabi/lib/thumb/v7e-m/fpv4-sp/hard\libnosys.a
END GROUP
LOAD c:/st/stm32cubeide_1.5.0/stm32cubeide/plugins/com.st.stm32cube.ide.mcu.externaltools.gnu-tools-for-stm32.7-2018-q2-update.win32_1.5.0.202011040924/tools/bin/../lib/gcc/arm-none-eabi/7.3.1/thumb/v7e-m/fpv4-sp/hard/crtend.o
LOAD c:/st/stm32cubeide_1.5.0/stm32cubeide/plugins/com.st.stm32cube.ide.mcu.externaltools.gnu-tools-for-stm32.7-2018-q2-update.win32_1.5.0.202011040924/tools/bin/../lib/gcc/arm-none-eabi/7.3.1/thumb/v7e-m/fpv4-sp/hard/crtn.o
                0x0000000020020000                _estack = (ORIGIN (RAM) + LENGTH (RAM))
                0x0000000000000200                _Min_Heap_Size = 0x200
                0x0000000000000400                _Min_Stack_Size = 0x400

.isr_vector     0x0000000008000000      0x188
                0x0000000008000000                . = ALIGN (0x4)
 *(.isr_vector)
 .isr_vector    0x0000000008000000      0x188 Core/Startup/startup_stm32f407vgtx.o
                0x0000000008000000                g_pfnVectors
                0x0000000008000188                . = ALIGN (0x4)

.text           0x0000000008000188     0x2520
                0x0000000008000188                . = ALIGN (0x4)
 *(.text)
 .text          0x0000000008000188       0x40 c:/st/stm32cubeide_1.5.0/stm32cubeide/plugins/com.st.stm32cube.ide.mcu.externaltools.gnu-tools-for-stm32.7-2018-q2-update.win32_1.5.0.202011040924/tools/bin/../lib/gcc/arm-none-eabi/7.3.1/thumb/v7e-m/fpv4-sp/hard/crtbegin.o
 .text          0x00000000080001c8       0x30 c:/st/stm32cubeide_1.5.0/stm32cubeide/plugins/com.st.stm32cube.ide.mcu.externaltools.gnu-tools-for-stm32.7-2018-q2-update.win32_1.5.0.202011040924/tools/bin/../lib/gcc/arm-none-eabi/7.3.1/thumb/v7e-m/fpv4-sp/hard\libgcc.a(_aeabi_uldivmod.o)
                0x00000000080001c8                __aeabi_uldivmod
 .text          0x00000000080001f8      0x2cc c:/st/stm32cubeide_1.5.0/stm32cubeide/plugins/com.st.stm32cube.ide.mcu.externaltools.gnu-tools-for-stm32.7-2018-q2-update.win32_1.5.0.202011040924/tools/bin/../lib/gcc/arm-none-eabi/7.3.1/thumb/v7e-m/fpv4-sp/hard\libgcc.a(_udivmoddi4.o)
                0x00000000080001f8                __udivmoddi4
 .text          0x00000000080004c4        0x4 c:/st/stm32cubeide_1.5.0/stm32cubeide/plugins/com.st.stm32cube.ide.mcu.externaltools.gnu-tools-for-stm32.7-2018-q2-update.win32_1.5.0.202011040924/tools/bin/../lib/gcc/arm-none-eabi/7.3.1/thumb/v7e-m/fpv4-sp/hard\libgcc.a(_dvmd_tls.o)
                0x00000000080004c4                __aeabi_idiv0
                0x00000000080004c4                __aeabi_ldiv0
 *(.text*)
 .text.LIS3DSH_Read_reg
                0x00000000080004c8       0x78 Core/Src/LIS3DSH.o
                0x00000000080004c8                LIS3DSH_Read_reg
 .text.LIS3DSH_Write_reg
                0x0000000008000540       0x8c Core/Src/LIS3DSH.o
                0x0000000008000540                LIS3DSH_Write_reg
 .text.LIS3DSH_Init
                0x00000000080005cc       0xe4 Core/Src/LIS3DSH.o
                0x00000000080005cc                LIS3DSH_Init
 .text.LIS3DSH_Get_axes
                0x00000000080006b0       0xa6 Core/Src/LIS3DSH.o
                0x00000000080006b0                LIS3DSH_Get_axes
 *fill*         0x0000000008000756        0x2 
 .text.main     0x0000000008000758      0x128 Core/Src/main.o
                0x0000000008000758                main
 .text.SystemClock_Config
                0x0000000008000880       0xd4 Core/Src/main.o
                0x0000000008000880                SystemClock_Config
 .text.MX_SPI1_Init
                0x0000000008000954       0x6c Core/Src/main.o
 .text.MX_GPIO_Init
                0x00000000080009c0      0x15c Core/Src/main.o
 .text.Error_Handler
                0x0000000008000b1c        0x8 Core/Src/main.o
                0x0000000008000b1c                Error_Handler
 .text.HAL_MspInit
                0x0000000008000b24       0x50 Core/Src/stm32f4xx_hal_msp.o
                0x0000000008000b24                HAL_MspInit
 .text.HAL_SPI_MspInit
                0x0000000008000b74       0x90 Core/Src/stm32f4xx_hal_msp.o
                0x0000000008000b74                HAL_SPI_MspInit
 .text.NMI_Handler
                0x0000000008000c04        0x6 Core/Src/stm32f4xx_it.o
                0x0000000008000c04                NMI_Handler
 .text.HardFault_Handler
                0x0000000008000c0a        0x6 Core/Src/stm32f4xx_it.o
                0x0000000008000c0a                HardFault_Handler
 .text.MemManage_Handler
                0x0000000008000c10        0x6 Core/Src/stm32f4xx_it.o
                0x0000000008000c10                MemManage_Handler
 .text.BusFault_Handler
                0x0000000008000c16        0x6 Core/Src/stm32f4xx_it.o
                0x0000000008000c16                BusFault_Handler
 .text.UsageFault_Handler
                0x0000000008000c1c        0x6 Core/Src/stm32f4xx_it.o
                0x0000000008000c1c                UsageFault_Handler
 .text.SVC_Handler
                0x0000000008000c22        0xe Core/Src/stm32f4xx_it.o
                0x0000000008000c22                SVC_Handler
 .text.DebugMon_Handler
                0x0000000008000c30        0xe Core/Src/stm32f4xx_it.o
                0x0000000008000c30                DebugMon_Handler
 .text.PendSV_Handler
                0x0000000008000c3e        0xe Core/Src/stm32f4xx_it.o
                0x0000000008000c3e                PendSV_Handler
 .text.SysTick_Handler
                0x0000000008000c4c        0xc Core/Src/stm32f4xx_it.o
                0x0000000008000c4c                SysTick_Handler
 .text.SystemInit
                0x0000000008000c58       0x2c Core/Src/system_stm32f4xx.o
                0x0000000008000c58                SystemInit
 .text.Reset_Handler
                0x0000000008000c84       0x50 Core/Startup/startup_stm32f407vgtx.o
                0x0000000008000c84                Reset_Handler
 .text.Default_Handler
                0x0000000008000cd4        0x2 Core/Startup/startup_stm32f407vgtx.o
                0x0000000008000cd4                RTC_Alarm_IRQHandler
                0x0000000008000cd4                HASH_RNG_IRQHandler
                0x0000000008000cd4                EXTI2_IRQHandler
                0x0000000008000cd4                TIM8_CC_IRQHandler
                0x0000000008000cd4                TIM1_CC_IRQHandler
                0x0000000008000cd4                DMA2_Stream5_IRQHandler
                0x0000000008000cd4                DMA1_Stream5_IRQHandler
                0x0000000008000cd4                PVD_IRQHandler
                0x0000000008000cd4                SDIO_IRQHandler
                0x0000000008000cd4                TAMP_STAMP_IRQHandler
                0x0000000008000cd4                CAN2_RX1_IRQHandler
                0x0000000008000cd4                EXTI3_IRQHandler
                0x0000000008000cd4                TIM8_TRG_COM_TIM14_IRQHandler
                0x0000000008000cd4                TIM1_UP_TIM10_IRQHandler
                0x0000000008000cd4                TIM8_UP_TIM13_IRQHandler
                0x0000000008000cd4                I2C3_ER_IRQHandler
                0x0000000008000cd4                EXTI0_IRQHandler
                0x0000000008000cd4                I2C2_EV_IRQHandler
                0x0000000008000cd4                DMA1_Stream2_IRQHandler
                0x0000000008000cd4                CAN1_RX0_IRQHandler
                0x0000000008000cd4                FPU_IRQHandler
                0x0000000008000cd4                OTG_HS_WKUP_IRQHandler
                0x0000000008000cd4                CAN2_SCE_IRQHandler
                0x0000000008000cd4                DMA2_Stream2_IRQHandler
                0x0000000008000cd4                SPI1_IRQHandler
                0x0000000008000cd4                TIM6_DAC_IRQHandler
                0x0000000008000cd4                TIM1_BRK_TIM9_IRQHandler
                0x0000000008000cd4                DCMI_IRQHandler
                0x0000000008000cd4                CAN2_RX0_IRQHandler
                0x0000000008000cd4                DMA2_Stream3_IRQHandler
                0x0000000008000cd4                USART6_IRQHandler
                0x0000000008000cd4                USART3_IRQHandler
                0x0000000008000cd4                CAN1_RX1_IRQHandler
                0x0000000008000cd4                UART5_IRQHandler
                0x0000000008000cd4                DMA2_Stream0_IRQHandler
                0x0000000008000cd4                TIM4_IRQHandler
                0x0000000008000cd4                I2C1_EV_IRQHandler
                0x0000000008000cd4                DMA1_Stream6_IRQHandler
                0x0000000008000cd4                DMA1_Stream1_IRQHandler
                0x0000000008000cd4                UART4_IRQHandler
                0x0000000008000cd4                TIM3_IRQHandler
                0x0000000008000cd4                RCC_IRQHandler
                0x0000000008000cd4                TIM8_BRK_TIM12_IRQHandler
                0x0000000008000cd4                Default_Handler
                0x0000000008000cd4                EXTI15_10_IRQHandler
                0x0000000008000cd4                ADC_IRQHandler
                0x0000000008000cd4                DMA1_Stream7_IRQHandler
                0x0000000008000cd4                TIM7_IRQHandler
                0x0000000008000cd4                CAN2_TX_IRQHandler
                0x0000000008000cd4                TIM5_IRQHandler
                0x0000000008000cd4                DMA2_Stream7_IRQHandler
                0x0000000008000cd4                I2C3_EV_IRQHandler
                0x0000000008000cd4                EXTI9_5_IRQHandler
                0x0000000008000cd4                RTC_WKUP_IRQHandler
                0x0000000008000cd4                ETH_WKUP_IRQHandler
                0x0000000008000cd4                SPI2_IRQHandler
                0x0000000008000cd4                OTG_HS_EP1_IN_IRQHandler
                0x0000000008000cd4                DMA1_Stream0_IRQHandler
                0x0000000008000cd4                CAN1_TX_IRQHandler
                0x0000000008000cd4                EXTI4_IRQHandler
                0x0000000008000cd4                FSMC_IRQHandler
                0x0000000008000cd4                ETH_IRQHandler
                0x0000000008000cd4                OTG_HS_EP1_OUT_IRQHandler
                0x0000000008000cd4                WWDG_IRQHandler
                0x0000000008000cd4                TIM2_IRQHandler
                0x0000000008000cd4                OTG_FS_WKUP_IRQHandler
                0x0000000008000cd4                TIM1_TRG_COM_TIM11_IRQHandler
                0x0000000008000cd4                OTG_HS_IRQHandler
                0x0000000008000cd4                EXTI1_IRQHandler
                0x0000000008000cd4                USART2_IRQHandler
                0x0000000008000cd4                I2C2_ER_IRQHandler
                0x0000000008000cd4                DMA2_Stream1_IRQHandler
                0x0000000008000cd4                CAN1_SCE_IRQHandler
                0x0000000008000cd4                FLASH_IRQHandler
                0x0000000008000cd4                DMA2_Stream4_IRQHandler
                0x0000000008000cd4                USART1_IRQHandler
                0x0000000008000cd4                OTG_FS_IRQHandler
                0x0000000008000cd4                SPI3_IRQHandler
                0x0000000008000cd4                DMA1_Stream4_IRQHandler
                0x0000000008000cd4                I2C1_ER_IRQHandler
                0x0000000008000cd4                DMA2_Stream6_IRQHandler
                0x0000000008000cd4                DMA1_Stream3_IRQHandler
 *fill*         0x0000000008000cd6        0x2 
 .text.HAL_Init
                0x0000000008000cd8       0x44 Drivers/STM32F4xx_HAL_Driver/Src/stm32f4xx_hal.o
                0x0000000008000cd8                HAL_Init
 .text.HAL_InitTick
                0x0000000008000d1c       0x60 Drivers/STM32F4xx_HAL_Driver/Src/stm32f4xx_hal.o
                0x0000000008000d1c                HAL_InitTick
 .text.HAL_IncTick
                0x0000000008000d7c       0x28 Drivers/STM32F4xx_HAL_Driver/Src/stm32f4xx_hal.o
                0x0000000008000d7c                HAL_IncTick
 .text.HAL_GetTick
                0x0000000008000da4       0x18 Drivers/STM32F4xx_HAL_Driver/Src/stm32f4xx_hal.o
                0x0000000008000da4                HAL_GetTick
 .text.HAL_Delay
                0x0000000008000dbc       0x44 Drivers/STM32F4xx_HAL_Driver/Src/stm32f4xx_hal.o
                0x0000000008000dbc                HAL_Delay
 .text.__NVIC_SetPriorityGrouping
                0x0000000008000e00       0x48 Drivers/STM32F4xx_HAL_Driver/Src/stm32f4xx_hal_cortex.o
 .text.__NVIC_GetPriorityGrouping
                0x0000000008000e48       0x1c Drivers/STM32F4xx_HAL_Driver/Src/stm32f4xx_hal_cortex.o
 .text.__NVIC_SetPriority
                0x0000000008000e64       0x54 Drivers/STM32F4xx_HAL_Driver/Src/stm32f4xx_hal_cortex.o
 .text.NVIC_EncodePriority
                0x0000000008000eb8       0x66 Drivers/STM32F4xx_HAL_Driver/Src/stm32f4xx_hal_cortex.o
 *fill*         0x0000000008000f1e        0x2 
 .text.SysTick_Config
                0x0000000008000f20       0x44 Drivers/STM32F4xx_HAL_Driver/Src/stm32f4xx_hal_cortex.o
 .text.HAL_NVIC_SetPriorityGrouping
                0x0000000008000f64       0x16 Drivers/STM32F4xx_HAL_Driver/Src/stm32f4xx_hal_cortex.o
                0x0000000008000f64                HAL_NVIC_SetPriorityGrouping
 .text.HAL_NVIC_SetPriority
                0x0000000008000f7a       0x38 Drivers/STM32F4xx_HAL_Driver/Src/stm32f4xx_hal_cortex.o
                0x0000000008000f7a                HAL_NVIC_SetPriority
 .text.HAL_SYSTICK_Config
                0x0000000008000fb2       0x18 Drivers/STM32F4xx_HAL_Driver/Src/stm32f4xx_hal_cortex.o
                0x0000000008000fb2                HAL_SYSTICK_Config
 *fill*         0x0000000008000fca        0x2 
 .text.HAL_GPIO_Init
                0x0000000008000fcc      0x334 Drivers/STM32F4xx_HAL_Driver/Src/stm32f4xx_hal_gpio.o
                0x0000000008000fcc                HAL_GPIO_Init
 .text.HAL_GPIO_WritePin
                0x0000000008001300       0x32 Drivers/STM32F4xx_HAL_Driver/Src/stm32f4xx_hal_gpio.o
                0x0000000008001300                HAL_GPIO_WritePin
 *fill*         0x0000000008001332        0x2 
 .text.HAL_RCC_OscConfig
                0x0000000008001334      0x4e0 Drivers/STM32F4xx_HAL_Driver/Src/stm32f4xx_hal_rcc.o
                0x0000000008001334                HAL_RCC_OscConfig
 .text.HAL_RCC_ClockConfig
                0x0000000008001814      0x1cc Drivers/STM32F4xx_HAL_Driver/Src/stm32f4xx_hal_rcc.o
                0x0000000008001814                HAL_RCC_ClockConfig
 .text.HAL_RCC_GetSysClockFreq
                0x00000000080019e0      0x1b0 Drivers/STM32F4xx_HAL_Driver/Src/stm32f4xx_hal_rcc.o
                0x00000000080019e0                HAL_RCC_GetSysClockFreq
 .text.HAL_SPI_Init
                0x0000000008001b90       0xc8 Drivers/STM32F4xx_HAL_Driver/Src/stm32f4xx_hal_spi.o
                0x0000000008001b90                HAL_SPI_Init
 .text.HAL_SPI_Transmit
                0x0000000008001c58      0x268 Drivers/STM32F4xx_HAL_Driver/Src/stm32f4xx_hal_spi.o
                0x0000000008001c58                HAL_SPI_Transmit
 .text.HAL_SPI_Receive
                0x0000000008001ec0      0x212 Drivers/STM32F4xx_HAL_Driver/Src/stm32f4xx_hal_spi.o
                0x0000000008001ec0                HAL_SPI_Receive
 .text.HAL_SPI_TransmitReceive
                0x00000000080020d2      0x344 Drivers/STM32F4xx_HAL_Driver/Src/stm32f4xx_hal_spi.o
                0x00000000080020d2                HAL_SPI_TransmitReceive
 .text.SPI_WaitFlagStateUntilTimeout
                0x0000000008002416       0xd4 Drivers/STM32F4xx_HAL_Driver/Src/stm32f4xx_hal_spi.o
 .text.SPI_EndRxTransaction
                0x00000000080024ea       0xca Drivers/STM32F4xx_HAL_Driver/Src/stm32f4xx_hal_spi.o
 .text.SPI_EndRxTxTransaction
                0x00000000080025b4       0x84 Drivers/STM32F4xx_HAL_Driver/Src/stm32f4xx_hal_spi.o
 .text.__libc_init_array
                0x0000000008002638       0x48 c:/st/stm32cubeide_1.5.0/stm32cubeide/plugins/com.st.stm32cube.ide.mcu.externaltools.gnu-tools-for-stm32.7-2018-q2-update.win32_1.5.0.202011040924/tools/bin/../lib/gcc/arm-none-eabi/7.3.1/../../../../arm-none-eabi/lib/thumb/v7e-m/fpv4-sp/hard\libc_nano.a(lib_a-init.o)
                0x0000000008002638                __libc_init_array
 .text.memset   0x0000000008002680       0x10 c:/st/stm32cubeide_1.5.0/stm32cubeide/plugins/com.st.stm32cube.ide.mcu.externaltools.gnu-tools-for-stm32.7-2018-q2-update.win32_1.5.0.202011040924/tools/bin/../lib/gcc/arm-none-eabi/7.3.1/../../../../arm-none-eabi/lib/thumb/v7e-m/fpv4-sp/hard\libc_nano.a(lib_a-memset.o)
                0x0000000008002680                memset
 *(.glue_7)
 .glue_7        0x0000000008002690        0x0 linker stubs
 *(.glue_7t)
 .glue_7t       0x0000000008002690        0x0 linker stubs
 *(.eh_frame)
 .eh_frame      0x0000000008002690        0x0 c:/st/stm32cubeide_1.5.0/stm32cubeide/plugins/com.st.stm32cube.ide.mcu.externaltools.gnu-tools-for-stm32.7-2018-q2-update.win32_1.5.0.202011040924/tools/bin/../lib/gcc/arm-none-eabi/7.3.1/thumb/v7e-m/fpv4-sp/hard/crtbegin.o
 *(.init)
 .init          0x0000000008002690        0x4 c:/st/stm32cubeide_1.5.0/stm32cubeide/plugins/com.st.stm32cube.ide.mcu.externaltools.gnu-tools-for-stm32.7-2018-q2-update.win32_1.5.0.202011040924/tools/bin/../lib/gcc/arm-none-eabi/7.3.1/thumb/v7e-m/fpv4-sp/hard/crti.o
                0x0000000008002690                _init
 .init          0x0000000008002694        0x8 c:/st/stm32cubeide_1.5.0/stm32cubeide/plugins/com.st.stm32cube.ide.mcu.externaltools.gnu-tools-for-stm32.7-2018-q2-update.win32_1.5.0.202011040924/tools/bin/../lib/gcc/arm-none-eabi/7.3.1/thumb/v7e-m/fpv4-sp/hard/crtn.o
 *(.fini)
 .fini          0x000000000800269c        0x4 c:/st/stm32cubeide_1.5.0/stm32cubeide/plugins/com.st.stm32cube.ide.mcu.externaltools.gnu-tools-for-stm32.7-2018-q2-update.win32_1.5.0.202011040924/tools/bin/../lib/gcc/arm-none-eabi/7.3.1/thumb/v7e-m/fpv4-sp/hard/crti.o
                0x000000000800269c                _fini
 .fini          0x00000000080026a0        0x8 c:/st/stm32cubeide_1.5.0/stm32cubeide/plugins/com.st.stm32cube.ide.mcu.externaltools.gnu-tools-for-stm32.7-2018-q2-update.win32_1.5.0.202011040924/tools/bin/../lib/gcc/arm-none-eabi/7.3.1/thumb/v7e-m/fpv4-sp/hard/crtn.o
                0x00000000080026a8                . = ALIGN (0x4)
                0x00000000080026a8                _etext = .

.vfp11_veneer   0x00000000080026a8        0x0
 .vfp11_veneer  0x00000000080026a8        0x0 linker stubs

.v4_bx          0x00000000080026a8        0x0
 .v4_bx         0x00000000080026a8        0x0 linker stubs

.iplt           0x00000000080026a8        0x0
 .iplt          0x00000000080026a8        0x0 c:/st/stm32cubeide_1.5.0/stm32cubeide/plugins/com.st.stm32cube.ide.mcu.externaltools.gnu-tools-for-stm32.7-2018-q2-update.win32_1.5.0.202011040924/tools/bin/../lib/gcc/arm-none-eabi/7.3.1/thumb/v7e-m/fpv4-sp/hard/crtbegin.o

.rodata         0x00000000080026a8       0x10
                0x00000000080026a8                . = ALIGN (0x4)
 *(.rodata)
 *(.rodata*)
 .rodata.AHBPrescTable
                0x00000000080026a8       0x10 Core/Src/system_stm32f4xx.o
                0x00000000080026a8                AHBPrescTable
                0x00000000080026b8                . = ALIGN (0x4)

.ARM.extab      0x00000000080026b8        0x0
                0x00000000080026b8                . = ALIGN (0x4)
 *(.ARM.extab* .gnu.linkonce.armextab.*)
                0x00000000080026b8                . = ALIGN (0x4)

.ARM            0x00000000080026b8        0x8
                0x00000000080026b8                . = ALIGN (0x4)
                0x00000000080026b8                __exidx_start = .
 *(.ARM.exidx*)
 .ARM.exidx     0x00000000080026b8        0x8 c:/st/stm32cubeide_1.5.0/stm32cubeide/plugins/com.st.stm32cube.ide.mcu.externaltools.gnu-tools-for-stm32.7-2018-q2-update.win32_1.5.0.202011040924/tools/bin/../lib/gcc/arm-none-eabi/7.3.1/thumb/v7e-m/fpv4-sp/hard\libgcc.a(_udivmoddi4.o)
                0x00000000080026c0                __exidx_end = .
                0x00000000080026c0                . = ALIGN (0x4)

.rel.dyn        0x00000000080026c0        0x0
 .rel.iplt      0x00000000080026c0        0x0 c:/st/stm32cubeide_1.5.0/stm32cubeide/plugins/com.st.stm32cube.ide.mcu.externaltools.gnu-tools-for-stm32.7-2018-q2-update.win32_1.5.0.202011040924/tools/bin/../lib/gcc/arm-none-eabi/7.3.1/thumb/v7e-m/fpv4-sp/hard/crtbegin.o

.preinit_array  0x00000000080026c0        0x0
                0x00000000080026c0                . = ALIGN (0x4)
                0x00000000080026c0                PROVIDE (__preinit_array_start = .)
 *(.preinit_array*)
                0x00000000080026c0                PROVIDE (__preinit_array_end = .)
                0x00000000080026c0                . = ALIGN (0x4)

.init_array     0x00000000080026c0        0x4
                0x00000000080026c0                . = ALIGN (0x4)
                0x00000000080026c0                PROVIDE (__init_array_start = .)
 *(SORT_BY_NAME(.init_array.*))
 *(.init_array*)
 .init_array    0x00000000080026c0        0x4 c:/st/stm32cubeide_1.5.0/stm32cubeide/plugins/com.st.stm32cube.ide.mcu.externaltools.gnu-tools-for-stm32.7-2018-q2-update.win32_1.5.0.202011040924/tools/bin/../lib/gcc/arm-none-eabi/7.3.1/thumb/v7e-m/fpv4-sp/hard/crtbegin.o
                0x00000000080026c4                PROVIDE (__init_array_end = .)
                0x00000000080026c4                . = ALIGN (0x4)

.fini_array     0x00000000080026c4        0x4
                0x00000000080026c4                . = ALIGN (0x4)
                [!provide]                        PROVIDE (__fini_array_start = .)
 *(SORT_BY_NAME(.fini_array.*))
 *(.fini_array*)
 .fini_array    0x00000000080026c4        0x4 c:/st/stm32cubeide_1.5.0/stm32cubeide/plugins/com.st.stm32cube.ide.mcu.externaltools.gnu-tools-for-stm32.7-2018-q2-update.win32_1.5.0.202011040924/tools/bin/../lib/gcc/arm-none-eabi/7.3.1/thumb/v7e-m/fpv4-sp/hard/crtbegin.o
                [!provide]                        PROVIDE (__fini_array_end = .)
                0x00000000080026c8                . = ALIGN (0x4)
                0x00000000080026c8                _sidata = LOADADDR (.data)

.data           0x0000000020000000        0xc load address 0x00000000080026c8
                0x0000000020000000                . = ALIGN (0x4)
                0x0000000020000000                _sdata = .
 *(.data)
 *(.data*)
 .data.SystemCoreClock
                0x0000000020000000        0x4 Core/Src/system_stm32f4xx.o
                0x0000000020000000                SystemCoreClock
 .data.uwTickPrio
                0x0000000020000004        0x4 Drivers/STM32F4xx_HAL_Driver/Src/stm32f4xx_hal.o
                0x0000000020000004                uwTickPrio
 .data.uwTickFreq
                0x0000000020000008        0x1 Drivers/STM32F4xx_HAL_Driver/Src/stm32f4xx_hal.o
                0x0000000020000008                uwTickFreq
 *(.RamFunc)
 *(.RamFunc*)
                0x000000002000000c                . = ALIGN (0x4)
 *fill*         0x0000000020000009        0x3 
                0x000000002000000c                _edata = .

.igot.plt       0x000000002000000c        0x0 load address 0x00000000080026d4
 .igot.plt      0x000000002000000c        0x0 c:/st/stm32cubeide_1.5.0/stm32cubeide/plugins/com.st.stm32cube.ide.mcu.externaltools.gnu-tools-for-stm32.7-2018-q2-update.win32_1.5.0.202011040924/tools/bin/../lib/gcc/arm-none-eabi/7.3.1/thumb/v7e-m/fpv4-sp/hard/crtbegin.o
                0x000000002000000c                . = ALIGN (0x4)

.bss            0x000000002000000c       0x88 load address 0x00000000080026d4
                0x000000002000000c                _sbss = .
                0x000000002000000c                __bss_start__ = _sbss
 *(.bss)
 .bss           0x000000002000000c       0x1c c:/st/stm32cubeide_1.5.0/stm32cubeide/plugins/com.st.stm32cube.ide.mcu.externaltools.gnu-tools-for-stm32.7-2018-q2-update.win32_1.5.0.202011040924/tools/bin/../lib/gcc/arm-none-eabi/7.3.1/thumb/v7e-m/fpv4-sp/hard/crtbegin.o
 *(.bss*)
 *(COMMON)
 COMMON         0x0000000020000028        0x8 Core/Src/LIS3DSH.o
                0x0000000020000028                l_s_gpio_config
 COMMON         0x0000000020000030       0x60 Core/Src/main.o
                0x0000000020000030                l_s_lis3dsh_init
                0x0000000020000037                l_e_error
                0x0000000020000038                hspi1
 COMMON         0x0000000020000090        0x4 Drivers/STM32F4xx_HAL_Driver/Src/stm32f4xx_hal.o
                0x0000000020000090                uwTick
                0x0000000020000094                . = ALIGN (0x4)
                0x0000000020000094                _ebss = .
                0x0000000020000094                __bss_end__ = _ebss

._user_heap_stack
                0x0000000020000094      0x604 load address 0x00000000080026d4
                0x0000000020000098                . = ALIGN (0x8)
 *fill*         0x0000000020000094        0x4 
                [!provide]                        PROVIDE (end = .)
                0x0000000020000098                PROVIDE (_end = .)
                0x0000000020000298                . = (. + _Min_Heap_Size)
 *fill*         0x0000000020000098      0x200 
                0x0000000020000698                . = (. + _Min_Stack_Size)
 *fill*         0x0000000020000298      0x400 
                0x0000000020000698                . = ALIGN (0x8)

/DISCARD/
 libc.a(*)
 libm.a(*)
 libgcc.a(*)

.ARM.attributes
                0x0000000000000000       0x30
 *(.ARM.attributes)
 .ARM.attributes
                0x0000000000000000       0x22 c:/st/stm32cubeide_1.5.0/stm32cubeide/plugins/com.st.stm32cube.ide.mcu.externaltools.gnu-tools-for-stm32.7-2018-q2-update.win32_1.5.0.202011040924/tools/bin/../lib/gcc/arm-none-eabi/7.3.1/thumb/v7e-m/fpv4-sp/hard/crti.o
 .ARM.attributes
                0x0000000000000022       0x34 c:/st/stm32cubeide_1.5.0/stm32cubeide/plugins/com.st.stm32cube.ide.mcu.externaltools.gnu-tools-for-stm32.7-2018-q2-update.win32_1.5.0.202011040924/tools/bin/../lib/gcc/arm-none-eabi/7.3.1/thumb/v7e-m/fpv4-sp/hard/crtbegin.o
 .ARM.attributes
                0x0000000000000056       0x39 Core/Src/LIS3DSH.o
 .ARM.attributes
                0x000000000000008f       0x39 Core/Src/main.o
 .ARM.attributes
                0x00000000000000c8       0x39 Core/Src/stm32f4xx_hal_msp.o
 .ARM.attributes
                0x0000000000000101       0x39 Core/Src/stm32f4xx_it.o
 .ARM.attributes
                0x000000000000013a       0x39 Core/Src/system_stm32f4xx.o
 .ARM.attributes
                0x0000000000000173       0x21 Core/Startup/startup_stm32f407vgtx.o
 .ARM.attributes
                0x0000000000000194       0x39 Drivers/STM32F4xx_HAL_Driver/Src/stm32f4xx_hal.o
 .ARM.attributes
                0x00000000000001cd       0x39 Drivers/STM32F4xx_HAL_Driver/Src/stm32f4xx_hal_cortex.o
 .ARM.attributes
                0x0000000000000206       0x39 Drivers/STM32F4xx_HAL_Driver/Src/stm32f4xx_hal_gpio.o
 .ARM.attributes
                0x000000000000023f       0x39 Drivers/STM32F4xx_HAL_Driver/Src/stm32f4xx_hal_rcc.o
 .ARM.attributes
                0x0000000000000278       0x39 Drivers/STM32F4xx_HAL_Driver/Src/stm32f4xx_hal_spi.o
 .ARM.attributes
                0x00000000000002b1       0x34 c:/st/stm32cubeide_1.5.0/stm32cubeide/plugins/com.st.stm32cube.ide.mcu.externaltools.gnu-tools-for-stm32.7-2018-q2-update.win32_1.5.0.202011040924/tools/bin/../lib/gcc/arm-none-eabi/7.3.1/../../../../arm-none-eabi/lib/thumb/v7e-m/fpv4-sp/hard\libc_nano.a(lib_a-init.o)
 .ARM.attributes
                0x00000000000002e5       0x34 c:/st/stm32cubeide_1.5.0/stm32cubeide/plugins/com.st.stm32cube.ide.mcu.externaltools.gnu-tools-for-stm32.7-2018-q2-update.win32_1.5.0.202011040924/tools/bin/../lib/gcc/arm-none-eabi/7.3.1/../../../../arm-none-eabi/lib/thumb/v7e-m/fpv4-sp/hard\libc_nano.a(lib_a-memset.o)
 .ARM.attributes
                0x0000000000000319       0x22 c:/st/stm32cubeide_1.5.0/stm32cubeide/plugins/com.st.stm32cube.ide.mcu.externaltools.gnu-tools-for-stm32.7-2018-q2-update.win32_1.5.0.202011040924/tools/bin/../lib/gcc/arm-none-eabi/7.3.1/thumb/v7e-m/fpv4-sp/hard\libgcc.a(_aeabi_uldivmod.o)
 .ARM.attributes
                0x000000000000033b       0x34 c:/st/stm32cubeide_1.5.0/stm32cubeide/plugins/com.st.stm32cube.ide.mcu.externaltools.gnu-tools-for-stm32.7-2018-q2-update.win32_1.5.0.202011040924/tools/bin/../lib/gcc/arm-none-eabi/7.3.1/thumb/v7e-m/fpv4-sp/hard\libgcc.a(_udivmoddi4.o)
 .ARM.attributes
                0x000000000000036f       0x22 c:/st/stm32cubeide_1.5.0/stm32cubeide/plugins/com.st.stm32cube.ide.mcu.externaltools.gnu-tools-for-stm32.7-2018-q2-update.win32_1.5.0.202011040924/tools/bin/../lib/gcc/arm-none-eabi/7.3.1/thumb/v7e-m/fpv4-sp/hard\libgcc.a(_dvmd_tls.o)
 .ARM.attributes
                0x0000000000000391       0x22 c:/st/stm32cubeide_1.5.0/stm32cubeide/plugins/com.st.stm32cube.ide.mcu.externaltools.gnu-tools-for-stm32.7-2018-q2-update.win32_1.5.0.202011040924/tools/bin/../lib/gcc/arm-none-eabi/7.3.1/thumb/v7e-m/fpv4-sp/hard/crtn.o
OUTPUT(01_lis3dsh_driver.elf elf32-littlearm)

.debug_info     0x0000000000000000     0x65f4
 .debug_info    0x0000000000000000      0x984 Core/Src/LIS3DSH.o
 .debug_info    0x0000000000000984      0xce2 Core/Src/main.o
 .debug_info    0x0000000000001666      0x9ae Core/Src/stm32f4xx_hal_msp.o
 .debug_info    0x0000000000002014      0x20a Core/Src/stm32f4xx_it.o
 .debug_info    0x000000000000221e      0x554 Core/Src/system_stm32f4xx.o
 .debug_info    0x0000000000002772       0x22 Core/Startup/startup_stm32f407vgtx.o
 .debug_info    0x0000000000002794      0x945 Drivers/STM32F4xx_HAL_Driver/Src/stm32f4xx_hal.o
 .debug_info    0x00000000000030d9      0xe28 Drivers/STM32F4xx_HAL_Driver/Src/stm32f4xx_hal_cortex.o
 .debug_info    0x0000000000003f01      0x7b5 Drivers/STM32F4xx_HAL_Driver/Src/stm32f4xx_hal_gpio.o
 .debug_info    0x00000000000046b6      0x904 Drivers/STM32F4xx_HAL_Driver/Src/stm32f4xx_hal_rcc.o
 .debug_info    0x0000000000004fba     0x163a Drivers/STM32F4xx_HAL_Driver/Src/stm32f4xx_hal_spi.o

.debug_abbrev   0x0000000000000000     0x1223
 .debug_abbrev  0x0000000000000000      0x18d Core/Src/LIS3DSH.o
 .debug_abbrev  0x000000000000018d      0x1f8 Core/Src/main.o
 .debug_abbrev  0x0000000000000385      0x18c Core/Src/stm32f4xx_hal_msp.o
 .debug_abbrev  0x0000000000000511       0xc6 Core/Src/stm32f4xx_it.o
 .debug_abbrev  0x00000000000005d7      0x12b Core/Src/system_stm32f4xx.o
 .debug_abbrev  0x0000000000000702       0x12 Core/Startup/startup_stm32f407vgtx.o
 .debug_abbrev  0x0000000000000714      0x1c7 Drivers/STM32F4xx_HAL_Driver/Src/stm32f4xx_hal.o
 .debug_abbrev  0x00000000000008db      0x2fa Drivers/STM32F4xx_HAL_Driver/Src/stm32f4xx_hal_cortex.o
 .debug_abbrev  0x0000000000000bd5      0x1c9 Drivers/STM32F4xx_HAL_Driver/Src/stm32f4xx_hal_gpio.o
 .debug_abbrev  0x0000000000000d9e      0x245 Drivers/STM32F4xx_HAL_Driver/Src/stm32f4xx_hal_rcc.o
 .debug_abbrev  0x0000000000000fe3      0x240 Drivers/STM32F4xx_HAL_Driver/Src/stm32f4xx_hal_spi.o

.debug_aranges  0x0000000000000000      0x610
 .debug_aranges
                0x0000000000000000       0x38 Core/Src/LIS3DSH.o
 .debug_aranges
                0x0000000000000038       0x40 Core/Src/main.o
 .debug_aranges
                0x0000000000000078       0x30 Core/Src/stm32f4xx_hal_msp.o
 .debug_aranges
                0x00000000000000a8       0x60 Core/Src/stm32f4xx_it.o
 .debug_aranges
                0x0000000000000108       0x28 Core/Src/system_stm32f4xx.o
 .debug_aranges
                0x0000000000000130       0x28 Core/Startup/startup_stm32f407vgtx.o
 .debug_aranges
                0x0000000000000158       0xf0 Drivers/STM32F4xx_HAL_Driver/Src/stm32f4xx_hal.o
 .debug_aranges
                0x0000000000000248      0x118 Drivers/STM32F4xx_HAL_Driver/Src/stm32f4xx_hal_cortex.o
 .debug_aranges
                0x0000000000000360       0x58 Drivers/STM32F4xx_HAL_Driver/Src/stm32f4xx_hal_gpio.o
 .debug_aranges
                0x00000000000003b8       0x88 Drivers/STM32F4xx_HAL_Driver/Src/stm32f4xx_hal_rcc.o
 .debug_aranges
                0x0000000000000440      0x1d0 Drivers/STM32F4xx_HAL_Driver/Src/stm32f4xx_hal_spi.o

.debug_ranges   0x0000000000000000      0x568
 .debug_ranges  0x0000000000000000       0x28 Core/Src/LIS3DSH.o
 .debug_ranges  0x0000000000000028       0x30 Core/Src/main.o
 .debug_ranges  0x0000000000000058       0x20 Core/Src/stm32f4xx_hal_msp.o
 .debug_ranges  0x0000000000000078       0x50 Core/Src/stm32f4xx_it.o
 .debug_ranges  0x00000000000000c8       0x18 Core/Src/system_stm32f4xx.o
 .debug_ranges  0x00000000000000e0       0x20 Core/Startup/startup_stm32f407vgtx.o
 .debug_ranges  0x0000000000000100       0xe0 Drivers/STM32F4xx_HAL_Driver/Src/stm32f4xx_hal.o
 .debug_ranges  0x00000000000001e0      0x108 Drivers/STM32F4xx_HAL_Driver/Src/stm32f4xx_hal_cortex.o
 .debug_ranges  0x00000000000002e8       0x48 Drivers/STM32F4xx_HAL_Driver/Src/stm32f4xx_hal_gpio.o
 .debug_ranges  0x0000000000000330       0x78 Drivers/STM32F4xx_HAL_Driver/Src/stm32f4xx_hal_rcc.o
 .debug_ranges  0x00000000000003a8      0x1c0 Drivers/STM32F4xx_HAL_Driver/Src/stm32f4xx_hal_spi.o

.debug_macro    0x0000000000000000    0x1f4ad
 .debug_macro   0x0000000000000000      0x1c9 Core/Src/LIS3DSH.o
 .debug_macro   0x00000000000001c9      0xa5a Core/Src/LIS3DSH.o
 .debug_macro   0x0000000000000c23      0x28e Core/Src/LIS3DSH.o
 .debug_macro   0x0000000000000eb1       0x2e Core/Src/LIS3DSH.o
 .debug_macro   0x0000000000000edf       0x2f Core/Src/LIS3DSH.o
 .debug_macro   0x0000000000000f0e       0x22 Core/Src/LIS3DSH.o
 .debug_macro   0x0000000000000f30       0x8e Core/Src/LIS3DSH.o
 .debug_macro   0x0000000000000fbe       0x51 Core/Src/LIS3DSH.o
 .debug_macro   0x000000000000100f       0xef Core/Src/LIS3DSH.o
 .debug_macro   0x00000000000010fe       0x6a Core/Src/LIS3DSH.o
 .debug_macro   0x0000000000001168      0x1df Core/Src/LIS3DSH.o
 .debug_macro   0x0000000000001347       0x1c Core/Src/LIS3DSH.o
 .debug_macro   0x0000000000001363       0x22 Core/Src/LIS3DSH.o
 .debug_macro   0x0000000000001385       0xdf Core/Src/LIS3DSH.o
 .debug_macro   0x0000000000001464     0x102d Core/Src/LIS3DSH.o
 .debug_macro   0x0000000000002491      0x11f Core/Src/LIS3DSH.o
 .debug_macro   0x00000000000025b0    0x15e3c Core/Src/LIS3DSH.o
 .debug_macro   0x00000000000183ec       0x43 Core/Src/LIS3DSH.o
 .debug_macro   0x000000000001842f     0x3659 Core/Src/LIS3DSH.o
 .debug_macro   0x000000000001ba88      0x174 Core/Src/LIS3DSH.o
 .debug_macro   0x000000000001bbfc       0x5a Core/Src/LIS3DSH.o
 .debug_macro   0x000000000001bc56      0x96b Core/Src/LIS3DSH.o
 .debug_macro   0x000000000001c5c1      0x9fe Core/Src/LIS3DSH.o
 .debug_macro   0x000000000001cfbf      0x117 Core/Src/LIS3DSH.o
 .debug_macro   0x000000000001d0d6      0x13e Core/Src/LIS3DSH.o
 .debug_macro   0x000000000001d214       0x27 Core/Src/LIS3DSH.o
 .debug_macro   0x000000000001d23b      0x174 Core/Src/LIS3DSH.o
 .debug_macro   0x000000000001d3af      0x287 Core/Src/LIS3DSH.o
 .debug_macro   0x000000000001d636       0x5f Core/Src/LIS3DSH.o
 .debug_macro   0x000000000001d695      0x236 Core/Src/LIS3DSH.o
 .debug_macro   0x000000000001d8cb      0x12c Core/Src/LIS3DSH.o
 .debug_macro   0x000000000001d9f7      0x21e Core/Src/LIS3DSH.o
 .debug_macro   0x000000000001dc15       0x2e Core/Src/LIS3DSH.o
 .debug_macro   0x000000000001dc43      0x11a Core/Src/LIS3DSH.o
 .debug_macro   0x000000000001dd5d       0x7e Core/Src/LIS3DSH.o
 .debug_macro   0x000000000001dddb       0x89 Core/Src/LIS3DSH.o
 .debug_macro   0x000000000001de64      0x225 Core/Src/LIS3DSH.o
 .debug_macro   0x000000000001e089      0x12d Core/Src/LIS3DSH.o
 .debug_macro   0x000000000001e1b6       0xdc Core/Src/LIS3DSH.o
 .debug_macro   0x000000000001e292      0x1d2 Core/Src/main.o
 .debug_macro   0x000000000001e464       0xa0 Core/Src/main.o
 .debug_macro   0x000000000001e504       0xe2 Core/Src/main.o
 .debug_macro   0x000000000001e5e6      0x1c9 Core/Src/stm32f4xx_hal_msp.o
 .debug_macro   0x000000000001e7af      0x1d3 Core/Src/stm32f4xx_it.o
 .debug_macro   0x000000000001e982      0x1c0 Core/Src/system_stm32f4xx.o
 .debug_macro   0x000000000001eb42      0x21a Drivers/STM32F4xx_HAL_Driver/Src/stm32f4xx_hal.o
 .debug_macro   0x000000000001ed5c      0x1ba Drivers/STM32F4xx_HAL_Driver/Src/stm32f4xx_hal_cortex.o
 .debug_macro   0x000000000001ef16      0x1f0 Drivers/STM32F4xx_HAL_Driver/Src/stm32f4xx_hal_gpio.o
 .debug_macro   0x000000000001f106      0x1de Drivers/STM32F4xx_HAL_Driver/Src/stm32f4xx_hal_rcc.o
 .debug_macro   0x000000000001f2e4      0x1c9 Drivers/STM32F4xx_HAL_Driver/Src/stm32f4xx_hal_spi.o

.debug_line     0x0000000000000000     0x5753
 .debug_line    0x0000000000000000      0x6eb Core/Src/LIS3DSH.o
 .debug_line    0x00000000000006eb      0x748 Core/Src/main.o
 .debug_line    0x0000000000000e33      0x6bf Core/Src/stm32f4xx_hal_msp.o
 .debug_line    0x00000000000014f2      0x737 Core/Src/stm32f4xx_it.o
 .debug_line    0x0000000000001c29      0x6aa Core/Src/system_stm32f4xx.o
 .debug_line    0x00000000000022d3       0x85 Core/Startup/startup_stm32f407vgtx.o
 .debug_line    0x0000000000002358      0x894 Drivers/STM32F4xx_HAL_Driver/Src/stm32f4xx_hal.o
 .debug_line    0x0000000000002bec      0x9b8 Drivers/STM32F4xx_HAL_Driver/Src/stm32f4xx_hal_cortex.o
 .debug_line    0x00000000000035a4      0x873 Drivers/STM32F4xx_HAL_Driver/Src/stm32f4xx_hal_gpio.o
 .debug_line    0x0000000000003e17      0x8ec Drivers/STM32F4xx_HAL_Driver/Src/stm32f4xx_hal_rcc.o
 .debug_line    0x0000000000004703     0x1050 Drivers/STM32F4xx_HAL_Driver/Src/stm32f4xx_hal_spi.o

.debug_str      0x0000000000000000    0xbddd2
 .debug_str     0x0000000000000000    0xbbeda Core/Src/LIS3DSH.o
                                      0xbc1ae (size before relaxing)
 .debug_str     0x00000000000bbeda      0x541 Core/Src/main.o
                                      0xbc645 (size before relaxing)
 .debug_str     0x00000000000bc41b       0x4e Core/Src/stm32f4xx_hal_msp.o
                                      0xbbd9f (size before relaxing)
 .debug_str     0x00000000000bc469       0xbd Core/Src/stm32f4xx_it.o
                                      0xbb862 (size before relaxing)
 .debug_str     0x00000000000bc526       0xc4 Core/Src/system_stm32f4xx.o
                                      0xbb6f6 (size before relaxing)
 .debug_str     0x00000000000bc5ea       0x36 Core/Startup/startup_stm32f407vgtx.o
                                         0x7a (size before relaxing)
 .debug_str     0x00000000000bc620      0xa5e Drivers/STM32F4xx_HAL_Driver/Src/stm32f4xx_hal.o
                                      0xbc1c3 (size before relaxing)
 .debug_str     0x00000000000bd07e      0x399 Drivers/STM32F4xx_HAL_Driver/Src/stm32f4xx_hal_cortex.o
                                      0xbbfb2 (size before relaxing)
 .debug_str     0x00000000000bd417      0x203 Drivers/STM32F4xx_HAL_Driver/Src/stm32f4xx_hal_gpio.o
                                      0xbb935 (size before relaxing)
 .debug_str     0x00000000000bd61a      0x259 Drivers/STM32F4xx_HAL_Driver/Src/stm32f4xx_hal_rcc.o
                                      0xbbae3 (size before relaxing)
 .debug_str     0x00000000000bd873      0x55f Drivers/STM32F4xx_HAL_Driver/Src/stm32f4xx_hal_spi.o
                                      0xbbf64 (size before relaxing)

.comment        0x0000000000000000       0x7b
 .comment       0x0000000000000000       0x7b Core/Src/LIS3DSH.o
                                         0x7c (size before relaxing)
 .comment       0x000000000000007b       0x7c Core/Src/main.o
 .comment       0x000000000000007b       0x7c Core/Src/stm32f4xx_hal_msp.o
 .comment       0x000000000000007b       0x7c Core/Src/stm32f4xx_it.o
 .comment       0x000000000000007b       0x7c Core/Src/system_stm32f4xx.o
 .comment       0x000000000000007b       0x7c Drivers/STM32F4xx_HAL_Driver/Src/stm32f4xx_hal.o
 .comment       0x000000000000007b       0x7c Drivers/STM32F4xx_HAL_Driver/Src/stm32f4xx_hal_cortex.o
 .comment       0x000000000000007b       0x7c Drivers/STM32F4xx_HAL_Driver/Src/stm32f4xx_hal_gpio.o
 .comment       0x000000000000007b       0x7c Drivers/STM32F4xx_HAL_Driver/Src/stm32f4xx_hal_rcc.o
 .comment       0x000000000000007b       0x7c Drivers/STM32F4xx_HAL_Driver/Src/stm32f4xx_hal_spi.o

.debug_frame    0x0000000000000000     0x1740
 .debug_frame   0x0000000000000000       0xa0 Core/Src/LIS3DSH.o
 .debug_frame   0x00000000000000a0       0xb0 Core/Src/main.o
 .debug_frame   0x0000000000000150       0x7c Core/Src/stm32f4xx_hal_msp.o
 .debug_frame   0x00000000000001cc      0x104 Core/Src/stm32f4xx_it.o
 .debug_frame   0x00000000000002d0       0x58 Core/Src/system_stm32f4xx.o
 .debug_frame   0x0000000000000328      0x374 Drivers/STM32F4xx_HAL_Driver/Src/stm32f4xx_hal.o
 .debug_frame   0x000000000000069c      0x498 Drivers/STM32F4xx_HAL_Driver/Src/stm32f4xx_hal_cortex.o
 .debug_frame   0x0000000000000b34      0x14c Drivers/STM32F4xx_HAL_Driver/Src/stm32f4xx_hal_gpio.o
 .debug_frame   0x0000000000000c80      0x1f0 Drivers/STM32F4xx_HAL_Driver/Src/stm32f4xx_hal_rcc.o
 .debug_frame   0x0000000000000e70      0x824 Drivers/STM32F4xx_HAL_Driver/Src/stm32f4xx_hal_spi.o
 .debug_frame   0x0000000000001694       0x2c c:/st/stm32cubeide_1.5.0/stm32cubeide/plugins/com.st.stm32cube.ide.mcu.externaltools.gnu-tools-for-stm32.7-2018-q2-update.win32_1.5.0.202011040924/tools/bin/../lib/gcc/arm-none-eabi/7.3.1/../../../../arm-none-eabi/lib/thumb/v7e-m/fpv4-sp/hard\libc_nano.a(lib_a-init.o)
 .debug_frame   0x00000000000016c0       0x20 c:/st/stm32cubeide_1.5.0/stm32cubeide/plugins/com.st.stm32cube.ide.mcu.externaltools.gnu-tools-for-stm32.7-2018-q2-update.win32_1.5.0.202011040924/tools/bin/../lib/gcc/arm-none-eabi/7.3.1/../../../../arm-none-eabi/lib/thumb/v7e-m/fpv4-sp/hard\libc_nano.a(lib_a-memset.o)
 .debug_frame   0x00000000000016e0       0x2c c:/st/stm32cubeide_1.5.0/stm32cubeide/plugins/com.st.stm32cube.ide.mcu.externaltools.gnu-tools-for-stm32.7-2018-q2-update.win32_1.5.0.202011040924/tools/bin/../lib/gcc/arm-none-eabi/7.3.1/thumb/v7e-m/fpv4-sp/hard\libgcc.a(_aeabi_uldivmod.o)
 .debug_frame   0x000000000000170c       0x34 c:/st/stm32cubeide_1.5.0/stm32cubeide/plugins/com.st.stm32cube.ide.mcu.externaltools.gnu-tools-for-stm32.7-2018-q2-update.win32_1.5.0.202011040924/tools/bin/../lib/gcc/arm-none-eabi/7.3.1/thumb/v7e-m/fpv4-sp/hard\libgcc.a(_udivmoddi4.o)
